[INFO] Scanning for projects...
[INFO] ------------------------------------------------------------------------
[INFO] Reactor Build Order:
[INFO] 
[INFO] ecommerce-microservices                                            [pom]
[INFO] Common Library                                                     [jar]
[INFO] api-gateway                                                        [jar]
[INFO] discovery-server                                                   [jar]
[INFO] user-service                                                       [jar]
[INFO] product-service                                                    [jar]
[INFO] order-service                                                      [jar]
[INFO] payment-service                                                    [jar]
[INFO] inventory-service                                                  [jar]
[INFO] shipping-service                                                   [jar]
[INFO] notification-service                                               [jar]
[INFO] rating-service                                                     [jar]
[INFO] search                                                             [jar]
[INFO] promotion-service                                                  [jar]
[INFO] tax-service                                                        [jar]
[INFO] favourite-service                                                  [jar]
[INFO] media-service                                                      [jar]
[INFO] 
[INFO] --------------< com.hoangtien2k3:ecommerce-microservices >--------------
[INFO] Building ecommerce-microservices 1.0-SNAPSHOT                     [1/17]
[INFO]   from pom.xml
[INFO] --------------------------------[ pom ]---------------------------------
Downloading from central: https://repo.maven.apache.org/maven2/org/owasp/dependency-check-maven/maven-metadata.xml
Progress (1): 4.4 kB
Progress (1): 5.5 kB
                    
Downloaded from central: https://repo.maven.apache.org/maven2/org/owasp/dependency-check-maven/maven-metadata.xml (5.5 kB at 11 kB/s)
[INFO] 
[INFO] --- clean:3.3.2:clean (default-clean) @ ecommerce-microservices ---
[INFO] 
[INFO] --- transformer:1.0.0:transform (default) @ ecommerce-microservices ---
[INFO] 
[INFO] --- build-helper:3.6.0:add-test-source (add-test-source) @ ecommerce-microservices ---
[INFO] Test Source directory: C:\Users\naren\OneDrive\Documents\Softwares\ECommerceHybrid\ecommerce-microservices\src\it\java added.
[INFO] 
[INFO] --- build-helper:3.6.0:add-test-resource (add-integration-test-resources) @ ecommerce-microservices ---
[INFO] 
[INFO] --- failsafe:3.4.0:integration-test (default) @ ecommerce-microservices ---
[INFO] Tests are skipped.
[INFO] 
[INFO] --- failsafe:3.4.0:verify (default) @ ecommerce-microservices ---
[INFO] Tests are skipped.
[INFO] 
[INFO] --- install:3.1.3:install (default-install) @ ecommerce-microservices ---
[INFO] Installing C:\Users\naren\OneDrive\Documents\Softwares\ECommerceHybrid\ecommerce-microservices\pom.xml to C:\Users\naren\.m2\repository\com\hoangtien2k3\ecommerce-microservices\1.0-SNAPSHOT\ecommerce-microservices-1.0-SNAPSHOT.pom
[INFO] 
[INFO] --------------------< com.hoangtien2k3:common-lib >---------------------
[INFO] Building Common Library 1.0-SNAPSHOT                              [2/17]
[INFO]   from common-lib\pom.xml
[INFO] --------------------------------[ jar ]---------------------------------
[INFO] 
[INFO] --- clean:3.3.2:clean (default-clean) @ common-lib ---
[INFO] Deleting C:\Users\naren\OneDrive\Documents\Softwares\ECommerceHybrid\ecommerce-microservices\common-lib\target
[INFO] 
[INFO] --- jacoco:0.8.11:prepare-agent (default) @ common-lib ---
[INFO] argLine set to -javaagent:C:\\Users\\naren\\.m2\\repository\\org\\jacoco\\org.jacoco.agent\\0.8.11\\org.jacoco.agent-0.8.11-runtime.jar=destfile=C:\\Users\\naren\\OneDrive\\Documents\\Softwares\\ECommerceHybrid\\ecommerce-microservices\\common-lib\\target\\jacoco.exec,excludes=com/hoangtien2k3/**/*Application.class:com/hoangtien2k3/**/config/**:com/hoangtien2k3/**/exception/**:com/hoangtien2k3/**/constants/**
[INFO] 
[INFO] --- resources:3.3.1:resources (default-resources) @ common-lib ---
[INFO] Copying 1 resource from src\main\resources to target\classes
[INFO] Copying 2 resources from src\main\resources to target\classes
[INFO] 
[INFO] --- compiler:3.13.0:compile (default-compile) @ common-lib ---
[INFO] Recompiling the module because of changed source code.
[INFO] Compiling 39 source files with javac [debug parameters release 21] to target\classes
[INFO] /C:/Users/naren/OneDrive/Documents/Softwares/ECommerceHybrid/ecommerce-microservices/common-lib/src/main/java/com/hoangtien2k3/commonlib/csv/CsvExporter.java: C:\Users\naren\OneDrive\Documents\Softwares\ECommerceHybrid\ecommerce-microservices\common-lib\src\main\java\com\hoangtien2k3\commonlib\csv\CsvExporter.java uses unchecked or unsafe operations.
[INFO] /C:/Users/naren/OneDrive/Documents/Softwares/ECommerceHybrid/ecommerce-microservices/common-lib/src/main/java/com/hoangtien2k3/commonlib/csv/CsvExporter.java: Recompile with -Xlint:unchecked for details.
[INFO] 
[INFO] --- transformer:1.0.0:transform (default) @ common-lib ---
[INFO] All resources will be selected
[INFO] Input  [ transformer:transform@default ]
[INFO] Output [ transformer:transform@default ] took [ 00:00:00 ]
[INFO] [  All Resources ] [     48 ] Unaccepted [      0 ]   Accepted [     48 ]
[INFO] [  All Unchanged ] [     48 ]     Failed [      0 ] Duplicated [      0 ]
[INFO] [    All Changed ] [      0 ]    Renamed [      0 ]    Content [      0 ]
[INFO] 
[INFO] --- build-helper:3.6.0:add-test-source (add-test-source) @ common-lib ---
[INFO] Test Source directory: C:\Users\naren\OneDrive\Documents\Softwares\ECommerceHybrid\ecommerce-microservices\common-lib\src\it\java added.
[INFO] 
[INFO] --- build-helper:3.6.0:add-test-resource (add-integration-test-resources) @ common-lib ---
[INFO] 
[INFO] --- resources:3.3.1:testResources (default-testResources) @ common-lib ---
[INFO] Copying 2 resources from src\test\resources to target\test-classes
[INFO] skip non existing resourceDirectory C:\Users\naren\OneDrive\Documents\Softwares\ECommerceHybrid\ecommerce-microservices\common-lib\src\it\resources
[INFO] 
[INFO] --- compiler:3.13.0:testCompile (default-testCompile) @ common-lib ---
[INFO] Recompiling the module because of changed dependency.
[INFO] Compiling 4 source files with javac [debug parameters release 21] to target\test-classes
[INFO] /C:/Users/naren/OneDrive/Documents/Softwares/ECommerceHybrid/ecommerce-microservices/common-lib/src/test/java/com/hoangtien2k3/commonlib/model/listener/CustomAuditingEntityListenerTest.java: C:\Users\naren\OneDrive\Documents\Softwares\ECommerceHybrid\ecommerce-microservices\common-lib\src\test\java\com\hoangtien2k3\commonlib\model\listener\CustomAuditingEntityListenerTest.java uses unchecked or unsafe operations.
[INFO] /C:/Users/naren/OneDrive/Documents/Softwares/ECommerceHybrid/ecommerce-microservices/common-lib/src/test/java/com/hoangtien2k3/commonlib/model/listener/CustomAuditingEntityListenerTest.java: Recompile with -Xlint:unchecked for details.
[INFO] 
[INFO] --- surefire:3.2.5:test (default-test) @ common-lib ---
[INFO] Tests are skipped.
[INFO] 
[INFO] --- jar:3.4.2:jar (default-jar) @ common-lib ---
[INFO] Building jar: C:\Users\naren\OneDrive\Documents\Softwares\ECommerceHybrid\ecommerce-microservices\common-lib\target\common-lib-1.0-SNAPSHOT.jar
[INFO] 
[INFO] --- jar:3.4.2:test-jar (default) @ common-lib ---
[INFO] Building jar: C:\Users\naren\OneDrive\Documents\Softwares\ECommerceHybrid\ecommerce-microservices\common-lib\target\common-lib-1.0-SNAPSHOT-tests.jar
[INFO] 
[INFO] --- failsafe:3.4.0:integration-test (default) @ common-lib ---
[INFO] Tests are skipped.
[INFO] 
[INFO] --- failsafe:3.4.0:verify (default) @ common-lib ---
[INFO] Tests are skipped.
[INFO] 
[INFO] --- jacoco:0.8.11:report (report) @ common-lib ---
[INFO] Skipping JaCoCo execution due to missing execution data file.
[INFO] 
[INFO] --- install:3.1.3:install (default-install) @ common-lib ---
[INFO] Installing C:\Users\naren\OneDrive\Documents\Softwares\ECommerceHybrid\ecommerce-microservices\common-lib\pom.xml to C:\Users\naren\.m2\repository\com\hoangtien2k3\common-lib\1.0-SNAPSHOT\common-lib-1.0-SNAPSHOT.pom
[INFO] Installing C:\Users\naren\OneDrive\Documents\Softwares\ECommerceHybrid\ecommerce-microservices\common-lib\target\common-lib-1.0-SNAPSHOT.jar to C:\Users\naren\.m2\repository\com\hoangtien2k3\common-lib\1.0-SNAPSHOT\common-lib-1.0-SNAPSHOT.jar
[INFO] Installing C:\Users\naren\OneDrive\Documents\Softwares\ECommerceHybrid\ecommerce-microservices\common-lib\target\common-lib-1.0-SNAPSHOT-tests.jar to C:\Users\naren\.m2\repository\com\hoangtien2k3\common-lib\1.0-SNAPSHOT\common-lib-1.0-SNAPSHOT-tests.jar
[INFO] 
[INFO] --------------------< com.hoangtien2k3:api-gateway >--------------------
[INFO] Building api-gateway 0.0.1-SNAPSHOT                               [3/17]
[INFO]   from api-gateway\pom.xml
[INFO] --------------------------------[ jar ]---------------------------------
[INFO] 
[INFO] --- clean:3.3.2:clean (default-clean) @ api-gateway ---
[INFO] Deleting C:\Users\naren\OneDrive\Documents\Softwares\ECommerceHybrid\ecommerce-microservices\api-gateway\target
[INFO] 
[INFO] --- resources:3.3.1:resources (default-resources) @ api-gateway ---
[INFO] Copying 2 resources from src\main\resources to target\classes
[INFO] Copying 0 resource from src\main\resources to target\classes
[INFO] 
[INFO] --- compiler:3.11.0:compile (default-compile) @ api-gateway ---
[INFO] Changes detected - recompiling the module! :source
[INFO] Compiling 1 source file with javac [debug release 17] to target\classes
[INFO] 
[INFO] --- transformer:1.0.0:transform (default) @ api-gateway ---
[INFO] All resources will be selected
[INFO] Input  [ transformer:transform@default ]
[INFO] Output [ transformer:transform@default ] took [ 00:00:00 ]
[INFO] [  All Resources ] [      3 ] Unaccepted [      0 ]   Accepted [      3 ]
[INFO] [  All Unchanged ] [      3 ]     Failed [      0 ] Duplicated [      0 ]
[INFO] [    All Changed ] [      0 ]    Renamed [      0 ]    Content [      0 ]
[INFO] 
[INFO] --- build-helper:3.6.0:add-test-source (add-test-source) @ api-gateway ---
[INFO] Test Source directory: C:\Users\naren\OneDrive\Documents\Softwares\ECommerceHybrid\ecommerce-microservices\api-gateway\src\it\java added.
[INFO] 
[INFO] --- build-helper:3.6.0:add-test-resource (add-integration-test-resources) @ api-gateway ---
[INFO] 
[INFO] --- resources:3.3.1:testResources (default-testResources) @ api-gateway ---
[INFO] skip non existing resourceDirectory C:\Users\naren\OneDrive\Documents\Softwares\ECommerceHybrid\ecommerce-microservices\api-gateway\src\test\resources
[INFO] skip non existing resourceDirectory C:\Users\naren\OneDrive\Documents\Softwares\ECommerceHybrid\ecommerce-microservices\api-gateway\src\it\resources
[INFO] 
[INFO] --- compiler:3.11.0:testCompile (default-testCompile) @ api-gateway ---
[INFO] Changes detected - recompiling the module! :dependency
[INFO] Compiling 1 source file with javac [debug release 17] to target\test-classes
[INFO] 
[INFO] --- surefire:3.2.5:test (default-test) @ api-gateway ---
[INFO] Tests are skipped.
[INFO] 
[INFO] --- jar:3.4.2:jar (default-jar) @ api-gateway ---
[INFO] Building jar: C:\Users\naren\OneDrive\Documents\Softwares\ECommerceHybrid\ecommerce-microservices\api-gateway\target\api-gateway-0.0.1-SNAPSHOT.jar
[INFO] 
[INFO] --- spring-boot:3.3.5:repackage (repackage) @ api-gateway ---
[INFO] Replacing main artifact C:\Users\naren\OneDrive\Documents\Softwares\ECommerceHybrid\ecommerce-microservices\api-gateway\target\api-gateway-0.0.1-SNAPSHOT.jar with repackaged archive, adding nested dependencies in BOOT-INF/.
[INFO] The original artifact has been renamed to C:\Users\naren\OneDrive\Documents\Softwares\ECommerceHybrid\ecommerce-microservices\api-gateway\target\api-gateway-0.0.1-SNAPSHOT.jar.original
[INFO] 
[INFO] --- failsafe:3.4.0:integration-test (default) @ api-gateway ---
[INFO] Tests are skipped.
[INFO] 
[INFO] --- failsafe:3.4.0:verify (default) @ api-gateway ---
[INFO] Tests are skipped.
[INFO] 
[INFO] --- install:3.1.3:install (default-install) @ api-gateway ---
[INFO] Installing C:\Users\naren\OneDrive\Documents\Softwares\ECommerceHybrid\ecommerce-microservices\api-gateway\pom.xml to C:\Users\naren\.m2\repository\com\hoangtien2k3\api-gateway\0.0.1-SNAPSHOT\api-gateway-0.0.1-SNAPSHOT.pom
[INFO] Installing C:\Users\naren\OneDrive\Documents\Softwares\ECommerceHybrid\ecommerce-microservices\api-gateway\target\api-gateway-0.0.1-SNAPSHOT.jar to C:\Users\naren\.m2\repository\com\hoangtien2k3\api-gateway\0.0.1-SNAPSHOT\api-gateway-0.0.1-SNAPSHOT.jar
[INFO] 
[INFO] -----------------< com.hoangtien2k3:discovery-service >-----------------
[INFO] Building discovery-server 0.0.1-SNAPSHOT                          [4/17]
[INFO]   from discovery-service\pom.xml
[INFO] --------------------------------[ jar ]---------------------------------
[INFO] 
[INFO] --- clean:3.3.2:clean (default-clean) @ discovery-service ---
[INFO] Deleting C:\Users\naren\OneDrive\Documents\Softwares\ECommerceHybrid\ecommerce-microservices\discovery-service\target
[INFO] 
[INFO] --- resources:3.3.1:resources (default-resources) @ discovery-service ---
[INFO] Copying 1 resource from src\main\resources to target\classes
[INFO] Copying 0 resource from src\main\resources to target\classes
[INFO] 
[INFO] --- compiler:3.11.0:compile (default-compile) @ discovery-service ---
[INFO] Changes detected - recompiling the module! :source
[INFO] Compiling 1 source file with javac [debug release 17] to target\classes
[INFO] 
[INFO] --- transformer:1.0.0:transform (default) @ discovery-service ---
[INFO] All resources will be selected
[INFO] Input  [ transformer:transform@default ]
[INFO] Output [ transformer:transform@default ] took [ 00:00:00 ]
[INFO] [  All Resources ] [      2 ] Unaccepted [      0 ]   Accepted [      2 ]
[INFO] [  All Unchanged ] [      2 ]     Failed [      0 ] Duplicated [      0 ]
[INFO] [    All Changed ] [      0 ]    Renamed [      0 ]    Content [      0 ]
[INFO] 
[INFO] --- build-helper:3.6.0:add-test-source (add-test-source) @ discovery-service ---
[INFO] Test Source directory: C:\Users\naren\OneDrive\Documents\Softwares\ECommerceHybrid\ecommerce-microservices\discovery-service\src\it\java added.
[INFO] 
[INFO] --- build-helper:3.6.0:add-test-resource (add-integration-test-resources) @ discovery-service ---
[INFO] 
[INFO] --- resources:3.3.1:testResources (default-testResources) @ discovery-service ---
[INFO] skip non existing resourceDirectory C:\Users\naren\OneDrive\Documents\Softwares\ECommerceHybrid\ecommerce-microservices\discovery-service\src\test\resources
[INFO] skip non existing resourceDirectory C:\Users\naren\OneDrive\Documents\Softwares\ECommerceHybrid\ecommerce-microservices\discovery-service\src\it\resources
[INFO] 
[INFO] --- compiler:3.11.0:testCompile (default-testCompile) @ discovery-service ---
[INFO] Changes detected - recompiling the module! :dependency
[INFO] Compiling 1 source file with javac [debug release 17] to target\test-classes
[INFO] 
[INFO] --- surefire:3.2.5:test (default-test) @ discovery-service ---
[INFO] Tests are skipped.
[INFO] 
[INFO] --- jar:3.4.2:jar (default-jar) @ discovery-service ---
[INFO] Building jar: C:\Users\naren\OneDrive\Documents\Softwares\ECommerceHybrid\ecommerce-microservices\discovery-service\target\discovery-service-0.0.1-SNAPSHOT.jar
[INFO] 
[INFO] --- spring-boot:3.3.5:repackage (repackage) @ discovery-service ---
[INFO] Replacing main artifact C:\Users\naren\OneDrive\Documents\Softwares\ECommerceHybrid\ecommerce-microservices\discovery-service\target\discovery-service-0.0.1-SNAPSHOT.jar with repackaged archive, adding nested dependencies in BOOT-INF/.
[INFO] The original artifact has been renamed to C:\Users\naren\OneDrive\Documents\Softwares\ECommerceHybrid\ecommerce-microservices\discovery-service\target\discovery-service-0.0.1-SNAPSHOT.jar.original
[INFO] 
[INFO] --- failsafe:3.4.0:integration-test (default) @ discovery-service ---
[INFO] Tests are skipped.
[INFO] 
[INFO] --- failsafe:3.4.0:verify (default) @ discovery-service ---
[INFO] Tests are skipped.
[INFO] 
[INFO] --- install:3.1.3:install (default-install) @ discovery-service ---
[INFO] Installing C:\Users\naren\OneDrive\Documents\Softwares\ECommerceHybrid\ecommerce-microservices\discovery-service\pom.xml to C:\Users\naren\.m2\repository\com\hoangtien2k3\discovery-service\0.0.1-SNAPSHOT\discovery-service-0.0.1-SNAPSHOT.pom
[INFO] Installing C:\Users\naren\OneDrive\Documents\Softwares\ECommerceHybrid\ecommerce-microservices\discovery-service\target\discovery-service-0.0.1-SNAPSHOT.jar to C:\Users\naren\.m2\repository\com\hoangtien2k3\discovery-service\0.0.1-SNAPSHOT\discovery-service-0.0.1-SNAPSHOT.jar
[INFO] 
[INFO] -------------------< com.hoangtien2k3:user-service >--------------------
[INFO] Building user-service 0.0.1-SNAPSHOT                              [5/17]
[INFO]   from user-service\pom.xml
[INFO] --------------------------------[ jar ]---------------------------------
[INFO] 
[INFO] --- clean:3.3.2:clean (default-clean) @ user-service ---
[INFO] Deleting C:\Users\naren\OneDrive\Documents\Softwares\ECommerceHybrid\ecommerce-microservices\user-service\target
[INFO] 
[INFO] --- resources:3.3.1:resources (default-resources) @ user-service ---
[INFO] Copying 2 resources from src\main\resources to target\classes
[INFO] Copying 1 resource from src\main\resources to target\classes
[INFO] 
[INFO] --- compiler:3.11.0:compile (default-compile) @ user-service ---
[INFO] Changes detected - recompiling the module! :source
[INFO] Compiling 54 source files with javac [debug release 21] to target\classes
[INFO] /C:/Users/naren/OneDrive/Documents/Softwares/ECommerceHybrid/ecommerce-microservices/user-service/src/main/java/com/hoangtien2k3/userservice/security/jwt/JwtProvider.java: Some input files use or override a deprecated API.
[INFO] /C:/Users/naren/OneDrive/Documents/Softwares/ECommerceHybrid/ecommerce-microservices/user-service/src/main/java/com/hoangtien2k3/userservice/security/jwt/JwtProvider.java: Recompile with -Xlint:deprecation for details.
[INFO] /C:/Users/naren/OneDrive/Documents/Softwares/ECommerceHybrid/ecommerce-microservices/user-service/src/main/java/com/hoangtien2k3/userservice/security/validate/AuthorityTokenUtil.java: C:\Users\naren\OneDrive\Documents\Softwares\ECommerceHybrid\ecommerce-microservices\user-service\src\main\java\com\hoangtien2k3\userservice\security\validate\AuthorityTokenUtil.java uses unchecked or unsafe operations.
[INFO] /C:/Users/naren/OneDrive/Documents/Softwares/ECommerceHybrid/ecommerce-microservices/user-service/src/main/java/com/hoangtien2k3/userservice/security/validate/AuthorityTokenUtil.java: Recompile with -Xlint:unchecked for details.
[INFO] 
[INFO] --- transformer:1.0.0:transform (default) @ user-service ---
[INFO] All resources will be selected
[INFO] Input  [ transformer:transform@default ]
[INFO] Output [ transformer:transform@default ] took [ 00:00:00 ]
[INFO] [  All Resources ] [     65 ] Unaccepted [      0 ]   Accepted [     65 ]
[INFO] [  All Unchanged ] [     65 ]     Failed [      0 ] Duplicated [      0 ]
[INFO] [    All Changed ] [      0 ]    Renamed [      0 ]    Content [      0 ]
[INFO] 
[INFO] --- build-helper:3.6.0:add-test-source (add-test-source) @ user-service ---
[INFO] Test Source directory: C:\Users\naren\OneDrive\Documents\Softwares\ECommerceHybrid\ecommerce-microservices\user-service\src\it\java added.
[INFO] 
[INFO] --- build-helper:3.6.0:add-test-resource (add-integration-test-resources) @ user-service ---
[INFO] 
[INFO] --- resources:3.3.1:testResources (default-testResources) @ user-service ---
[INFO] skip non existing resourceDirectory C:\Users\naren\OneDrive\Documents\Softwares\ECommerceHybrid\ecommerce-microservices\user-service\src\test\resources
[INFO] skip non existing resourceDirectory C:\Users\naren\OneDrive\Documents\Softwares\ECommerceHybrid\ecommerce-microservices\user-service\src\it\resources
[INFO] 
[INFO] --- compiler:3.11.0:testCompile (default-testCompile) @ user-service ---
[INFO] Changes detected - recompiling the module! :dependency
[INFO] Compiling 1 source file with javac [debug release 21] to target\test-classes
[INFO] 
[INFO] --- surefire:3.2.5:test (default-test) @ user-service ---
[INFO] Tests are skipped.
[INFO] 
[INFO] --- jar:3.4.2:jar (default-jar) @ user-service ---
[INFO] Building jar: C:\Users\naren\OneDrive\Documents\Softwares\ECommerceHybrid\ecommerce-microservices\user-service\target\user-service-0.0.1-SNAPSHOT.jar
[INFO] 
[INFO] --- spring-boot:3.3.5:repackage (repackage) @ user-service ---
[INFO] Replacing main artifact C:\Users\naren\OneDrive\Documents\Softwares\ECommerceHybrid\ecommerce-microservices\user-service\target\user-service-0.0.1-SNAPSHOT.jar with repackaged archive, adding nested dependencies in BOOT-INF/.
[INFO] The original artifact has been renamed to C:\Users\naren\OneDrive\Documents\Softwares\ECommerceHybrid\ecommerce-microservices\user-service\target\user-service-0.0.1-SNAPSHOT.jar.original
[INFO] 
[INFO] --- failsafe:3.4.0:integration-test (default) @ user-service ---
[INFO] Tests are skipped.
[INFO] 
[INFO] --- failsafe:3.4.0:verify (default) @ user-service ---
[INFO] Tests are skipped.
[INFO] 
[INFO] --- install:3.1.3:install (default-install) @ user-service ---
[INFO] Installing C:\Users\naren\OneDrive\Documents\Softwares\ECommerceHybrid\ecommerce-microservices\user-service\pom.xml to C:\Users\naren\.m2\repository\com\hoangtien2k3\user-service\0.0.1-SNAPSHOT\user-service-0.0.1-SNAPSHOT.pom
[INFO] Installing C:\Users\naren\OneDrive\Documents\Softwares\ECommerceHybrid\ecommerce-microservices\user-service\target\user-service-0.0.1-SNAPSHOT.jar to C:\Users\naren\.m2\repository\com\hoangtien2k3\user-service\0.0.1-SNAPSHOT\user-service-0.0.1-SNAPSHOT.jar
[INFO] 
[INFO] ------------------< com.hoangtien2k3:product-service >------------------
[INFO] Building product-service 0.0.1-SNAPSHOT                           [6/17]
[INFO]   from product-service\pom.xml
[INFO] --------------------------------[ jar ]---------------------------------
[INFO] 
[INFO] --- clean:3.3.2:clean (default-clean) @ product-service ---
[INFO] Deleting C:\Users\naren\OneDrive\Documents\Softwares\ECommerceHybrid\ecommerce-microservices\product-service\target
[INFO] 
[INFO] --- resources:3.3.1:resources (default-resources) @ product-service ---
[INFO] Copying 1 resource from src\main\resources to target\classes
[INFO] Copying 2 resources from src\main\resources to target\classes
[INFO] 
[INFO] --- compiler:3.11.0:compile (default-compile) @ product-service ---
[INFO] Changes detected - recompiling the module! :source
[INFO] Compiling 25 source files with javac [debug release 21] to target\classes
[INFO] 
[INFO] --- transformer:1.0.0:transform (default) @ product-service ---
[INFO] All resources will be selected
[INFO] Input  [ transformer:transform@default ]
[INFO] Output [ transformer:transform@default ] took [ 00:00:00 ]
[INFO] [  All Resources ] [     35 ] Unaccepted [      0 ]   Accepted [     35 ]
[INFO] [  All Unchanged ] [     35 ]     Failed [      0 ] Duplicated [      0 ]
[INFO] [    All Changed ] [      0 ]    Renamed [      0 ]    Content [      0 ]
[INFO] 
[INFO] --- build-helper:3.6.0:add-test-source (add-test-source) @ product-service ---
[INFO] Test Source directory: C:\Users\naren\OneDrive\Documents\Softwares\ECommerceHybrid\ecommerce-microservices\product-service\src\it\java added.
[INFO] 
[INFO] --- build-helper:3.6.0:add-test-resource (add-integration-test-resources) @ product-service ---
[INFO] 
[INFO] --- resources:3.3.1:testResources (default-testResources) @ product-service ---
[INFO] skip non existing resourceDirectory C:\Users\naren\OneDrive\Documents\Softwares\ECommerceHybrid\ecommerce-microservices\product-service\src\test\resources
[INFO] skip non existing resourceDirectory C:\Users\naren\OneDrive\Documents\Softwares\ECommerceHybrid\ecommerce-microservices\product-service\src\it\resources
[INFO] 
[INFO] --- compiler:3.11.0:testCompile (default-testCompile) @ product-service ---
[INFO] Changes detected - recompiling the module! :dependency
[INFO] Compiling 1 source file with javac [debug release 21] to target\test-classes
[INFO] 
[INFO] --- surefire:3.2.5:test (default-test) @ product-service ---
[INFO] Tests are skipped.
[INFO] 
[INFO] --- jar:3.4.2:jar (default-jar) @ product-service ---
[INFO] Building jar: C:\Users\naren\OneDrive\Documents\Softwares\ECommerceHybrid\ecommerce-microservices\product-service\target\product-service-0.0.1-SNAPSHOT.jar
[INFO] 
[INFO] --- spring-boot:3.3.5:repackage (repackage) @ product-service ---
[INFO] Replacing main artifact C:\Users\naren\OneDrive\Documents\Softwares\ECommerceHybrid\ecommerce-microservices\product-service\target\product-service-0.0.1-SNAPSHOT.jar with repackaged archive, adding nested dependencies in BOOT-INF/.
[INFO] The original artifact has been renamed to C:\Users\naren\OneDrive\Documents\Softwares\ECommerceHybrid\ecommerce-microservices\product-service\target\product-service-0.0.1-SNAPSHOT.jar.original
[INFO] 
[INFO] --- failsafe:3.4.0:integration-test (default) @ product-service ---
[INFO] Tests are skipped.
[INFO] 
[INFO] --- failsafe:3.4.0:verify (default) @ product-service ---
[INFO] Tests are skipped.
[INFO] 
[INFO] --- install:3.1.3:install (default-install) @ product-service ---
[INFO] Installing C:\Users\naren\OneDrive\Documents\Softwares\ECommerceHybrid\ecommerce-microservices\product-service\pom.xml to C:\Users\naren\.m2\repository\com\hoangtien2k3\product-service\0.0.1-SNAPSHOT\product-service-0.0.1-SNAPSHOT.pom
[INFO] Installing C:\Users\naren\OneDrive\Documents\Softwares\ECommerceHybrid\ecommerce-microservices\product-service\target\product-service-0.0.1-SNAPSHOT.jar to C:\Users\naren\.m2\repository\com\hoangtien2k3\product-service\0.0.1-SNAPSHOT\product-service-0.0.1-SNAPSHOT.jar
[INFO] 
[INFO] -------------------< com.hoangtien2k3:order-service >-------------------
[INFO] Building order-service 0.0.1-SNAPSHOT                             [7/17]
[INFO]   from order-service\pom.xml
[INFO] --------------------------------[ jar ]---------------------------------
[INFO] 
[INFO] --- clean:3.3.2:clean (default-clean) @ order-service ---
[INFO] Deleting C:\Users\naren\OneDrive\Documents\Softwares\ECommerceHybrid\ecommerce-microservices\order-service\target
[INFO] 
[INFO] --- resources:3.3.1:resources (default-resources) @ order-service ---
[INFO] Copying 1 resource from src\main\resources to target\classes
[INFO] Copying 1 resource from src\main\resources to target\classes
[INFO] 
[INFO] --- compiler:3.11.0:compile (default-compile) @ order-service ---
[INFO] Changes detected - recompiling the module! :source
[INFO] Compiling 37 source files with javac [debug release 21] to target\classes
[INFO] /C:/Users/naren/OneDrive/Documents/Softwares/ECommerceHybrid/ecommerce-microservices/order-service/src/main/java/com/hoangtien2k3/orderservice/security/JwtTokenFilter.java: Some input files use or override a deprecated API.
[INFO] /C:/Users/naren/OneDrive/Documents/Softwares/ECommerceHybrid/ecommerce-microservices/order-service/src/main/java/com/hoangtien2k3/orderservice/security/JwtTokenFilter.java: Recompile with -Xlint:deprecation for details.
[INFO] 
[INFO] --- transformer:1.0.0:transform (default) @ order-service ---
[INFO] All resources will be selected
[INFO] Input  [ transformer:transform@default ]
[INFO] Output [ transformer:transform@default ] took [ 00:00:00 ]
[INFO] [  All Resources ] [     49 ] Unaccepted [      0 ]   Accepted [     49 ]
[INFO] [  All Unchanged ] [     49 ]     Failed [      0 ] Duplicated [      0 ]
[INFO] [    All Changed ] [      0 ]    Renamed [      0 ]    Content [      0 ]
[INFO] 
[INFO] --- build-helper:3.6.0:add-test-source (add-test-source) @ order-service ---
[INFO] Test Source directory: C:\Users\naren\OneDrive\Documents\Softwares\ECommerceHybrid\ecommerce-microservices\order-service\src\it\java added.
[INFO] 
[INFO] --- build-helper:3.6.0:add-test-resource (add-integration-test-resources) @ order-service ---
[INFO] 
[INFO] --- resources:3.3.1:testResources (default-testResources) @ order-service ---
[INFO] skip non existing resourceDirectory C:\Users\naren\OneDrive\Documents\Softwares\ECommerceHybrid\ecommerce-microservices\order-service\src\test\resources
[INFO] skip non existing resourceDirectory C:\Users\naren\OneDrive\Documents\Softwares\ECommerceHybrid\ecommerce-microservices\order-service\src\it\resources
[INFO] 
[INFO] --- compiler:3.11.0:testCompile (default-testCompile) @ order-service ---
[INFO] Changes detected - recompiling the module! :dependency
[INFO] Compiling 1 source file with javac [debug release 21] to target\test-classes
[INFO] 
[INFO] --- surefire:3.2.5:test (default-test) @ order-service ---
[INFO] Tests are skipped.
[INFO] 
[INFO] --- jar:3.4.2:jar (default-jar) @ order-service ---
[INFO] Building jar: C:\Users\naren\OneDrive\Documents\Softwares\ECommerceHybrid\ecommerce-microservices\order-service\target\order-service-0.0.1-SNAPSHOT.jar
[INFO] 
[INFO] --- spring-boot:3.3.5:repackage (repackage) @ order-service ---
[INFO] Replacing main artifact C:\Users\naren\OneDrive\Documents\Softwares\ECommerceHybrid\ecommerce-microservices\order-service\target\order-service-0.0.1-SNAPSHOT.jar with repackaged archive, adding nested dependencies in BOOT-INF/.
[INFO] The original artifact has been renamed to C:\Users\naren\OneDrive\Documents\Softwares\ECommerceHybrid\ecommerce-microservices\order-service\target\order-service-0.0.1-SNAPSHOT.jar.original
[INFO] 
[INFO] --- failsafe:3.4.0:integration-test (default) @ order-service ---
[INFO] Tests are skipped.
[INFO] 
[INFO] --- failsafe:3.4.0:verify (default) @ order-service ---
[INFO] Tests are skipped.
[INFO] 
[INFO] --- install:3.1.3:install (default-install) @ order-service ---
[INFO] Installing C:\Users\naren\OneDrive\Documents\Softwares\ECommerceHybrid\ecommerce-microservices\order-service\pom.xml to C:\Users\naren\.m2\repository\com\hoangtien2k3\order-service\0.0.1-SNAPSHOT\order-service-0.0.1-SNAPSHOT.pom
[INFO] Installing C:\Users\naren\OneDrive\Documents\Softwares\ECommerceHybrid\ecommerce-microservices\order-service\target\order-service-0.0.1-SNAPSHOT.jar to C:\Users\naren\.m2\repository\com\hoangtien2k3\order-service\0.0.1-SNAPSHOT\order-service-0.0.1-SNAPSHOT.jar
[INFO] 
[INFO] ------------------< com.hoangtien2k3:payment-service >------------------
[INFO] Building payment-service 0.0.1-SNAPSHOT                           [8/17]
[INFO]   from payment-service\pom.xml
[INFO] --------------------------------[ jar ]---------------------------------
[INFO] 
[INFO] --- clean:3.3.2:clean (default-clean) @ payment-service ---
[INFO] Deleting C:\Users\naren\OneDrive\Documents\Softwares\ECommerceHybrid\ecommerce-microservices\payment-service\target
[INFO] 
[INFO] --- resources:3.3.1:resources (default-resources) @ payment-service ---
[INFO] Copying 1 resource from src\main\resources to target\classes
[INFO] Copying 1 resource from src\main\resources to target\classes
[INFO] 
[INFO] --- compiler:3.11.0:compile (default-compile) @ payment-service ---
[INFO] Changes detected - recompiling the module! :source
[INFO] Compiling 33 source files with javac [debug release 21] to target\classes
[INFO] /C:/Users/naren/OneDrive/Documents/Softwares/ECommerceHybrid/ecommerce-microservices/payment-service/src/main/java/com/hoangtien2k3/paymentservice/security/JwtTokenFilter.java: Some input files use or override a deprecated API.
[INFO] /C:/Users/naren/OneDrive/Documents/Softwares/ECommerceHybrid/ecommerce-microservices/payment-service/src/main/java/com/hoangtien2k3/paymentservice/security/JwtTokenFilter.java: Recompile with -Xlint:deprecation for details.
[INFO] 
[INFO] --- transformer:1.0.0:transform (default) @ payment-service ---
[INFO] All resources will be selected
[INFO] Input  [ transformer:transform@default ]
[INFO] Output [ transformer:transform@default ] took [ 00:00:00 ]
[INFO] [  All Resources ] [     44 ] Unaccepted [      0 ]   Accepted [     44 ]
[INFO] [  All Unchanged ] [     44 ]     Failed [      0 ] Duplicated [      0 ]
[INFO] [    All Changed ] [      0 ]    Renamed [      0 ]    Content [      0 ]
[INFO] 
[INFO] --- build-helper:3.6.0:add-test-source (add-test-source) @ payment-service ---
[INFO] Test Source directory: C:\Users\naren\OneDrive\Documents\Softwares\ECommerceHybrid\ecommerce-microservices\payment-service\src\it\java added.
[INFO] 
[INFO] --- build-helper:3.6.0:add-test-resource (add-integration-test-resources) @ payment-service ---
[INFO] 
[INFO] --- resources:3.3.1:testResources (default-testResources) @ payment-service ---
[INFO] skip non existing resourceDirectory C:\Users\naren\OneDrive\Documents\Softwares\ECommerceHybrid\ecommerce-microservices\payment-service\src\test\resources
[INFO] skip non existing resourceDirectory C:\Users\naren\OneDrive\Documents\Softwares\ECommerceHybrid\ecommerce-microservices\payment-service\src\it\resources
[INFO] 
[INFO] --- compiler:3.11.0:testCompile (default-testCompile) @ payment-service ---
[INFO] Changes detected - recompiling the module! :dependency
[INFO] Compiling 1 source file with javac [debug release 21] to target\test-classes
[INFO] 
[INFO] --- surefire:3.2.5:test (default-test) @ payment-service ---
[INFO] Tests are skipped.
[INFO] 
[INFO] --- jar:3.4.2:jar (default-jar) @ payment-service ---
[INFO] Building jar: C:\Users\naren\OneDrive\Documents\Softwares\ECommerceHybrid\ecommerce-microservices\payment-service\target\payment-service-0.0.1-SNAPSHOT.jar
[INFO] 
[INFO] --- spring-boot:3.3.5:repackage (repackage) @ payment-service ---
[INFO] Replacing main artifact C:\Users\naren\OneDrive\Documents\Softwares\ECommerceHybrid\ecommerce-microservices\payment-service\target\payment-service-0.0.1-SNAPSHOT.jar with repackaged archive, adding nested dependencies in BOOT-INF/.
[INFO] The original artifact has been renamed to C:\Users\naren\OneDrive\Documents\Softwares\ECommerceHybrid\ecommerce-microservices\payment-service\target\payment-service-0.0.1-SNAPSHOT.jar.original
[INFO] 
[INFO] --- failsafe:3.4.0:integration-test (default) @ payment-service ---
[INFO] Tests are skipped.
[INFO] 
[INFO] --- failsafe:3.4.0:verify (default) @ payment-service ---
[INFO] Tests are skipped.
[INFO] 
[INFO] --- install:3.1.3:install (default-install) @ payment-service ---
[INFO] Installing C:\Users\naren\OneDrive\Documents\Softwares\ECommerceHybrid\ecommerce-microservices\payment-service\pom.xml to C:\Users\naren\.m2\repository\com\hoangtien2k3\payment-service\0.0.1-SNAPSHOT\payment-service-0.0.1-SNAPSHOT.pom
[INFO] Installing C:\Users\naren\OneDrive\Documents\Softwares\ECommerceHybrid\ecommerce-microservices\payment-service\target\payment-service-0.0.1-SNAPSHOT.jar to C:\Users\naren\.m2\repository\com\hoangtien2k3\payment-service\0.0.1-SNAPSHOT\payment-service-0.0.1-SNAPSHOT.jar
[INFO] 
[INFO] -----------------< com.hoangtien2k3:inventory-service >-----------------
[INFO] Building inventory-service 0.0.1-SNAPSHOT                         [9/17]
[INFO]   from inventory-service\pom.xml
[INFO] --------------------------------[ jar ]---------------------------------
[INFO] 
[INFO] --- clean:3.3.2:clean (default-clean) @ inventory-service ---
[INFO] Deleting C:\Users\naren\OneDrive\Documents\Softwares\ECommerceHybrid\ecommerce-microservices\inventory-service\target
[INFO] 
[INFO] --- resources:3.3.1:resources (default-resources) @ inventory-service ---
[INFO] Copying 1 resource from src\main\resources to target\classes
[INFO] Copying 4 resources from src\main\resources to target\classes
[INFO] 
[INFO] --- compiler:3.11.0:compile (default-compile) @ inventory-service ---
[INFO] Changes detected - recompiling the module! :source
[INFO] Compiling 17 source files with javac [debug release 21] to target\classes
[INFO] 
[INFO] --- transformer:1.0.0:transform (default) @ inventory-service ---
[INFO] All resources will be selected
[INFO] Input  [ transformer:transform@default ]
[INFO] Output [ transformer:transform@default ] took [ 00:00:00 ]
[INFO] [  All Resources ] [     23 ] Unaccepted [      0 ]   Accepted [     23 ]
[INFO] [  All Unchanged ] [     23 ]     Failed [      0 ] Duplicated [      0 ]
[INFO] [    All Changed ] [      0 ]    Renamed [      0 ]    Content [      0 ]
[INFO] 
[INFO] --- build-helper:3.6.0:add-test-source (add-test-source) @ inventory-service ---
[INFO] Test Source directory: C:\Users\naren\OneDrive\Documents\Softwares\ECommerceHybrid\ecommerce-microservices\inventory-service\src\it\java added.
[INFO] 
[INFO] --- build-helper:3.6.0:add-test-resource (add-integration-test-resources) @ inventory-service ---
[INFO] 
[INFO] --- resources:3.3.1:testResources (default-testResources) @ inventory-service ---
[INFO] skip non existing resourceDirectory C:\Users\naren\OneDrive\Documents\Softwares\ECommerceHybrid\ecommerce-microservices\inventory-service\src\test\resources
[INFO] skip non existing resourceDirectory C:\Users\naren\OneDrive\Documents\Softwares\ECommerceHybrid\ecommerce-microservices\inventory-service\src\it\resources
[INFO] 
[INFO] --- compiler:3.11.0:testCompile (default-testCompile) @ inventory-service ---
[INFO] Changes detected - recompiling the module! :dependency
[INFO] Compiling 1 source file with javac [debug release 21] to target\test-classes
[INFO] 
[INFO] --- surefire:3.2.5:test (default-test) @ inventory-service ---
[INFO] Tests are skipped.
[INFO] 
[INFO] --- jar:3.4.2:jar (default-jar) @ inventory-service ---
[INFO] Building jar: C:\Users\naren\OneDrive\Documents\Softwares\ECommerceHybrid\ecommerce-microservices\inventory-service\target\inventory-service-0.0.1-SNAPSHOT.jar
[INFO] 
[INFO] --- spring-boot:3.3.5:repackage (repackage) @ inventory-service ---
[INFO] Replacing main artifact C:\Users\naren\OneDrive\Documents\Softwares\ECommerceHybrid\ecommerce-microservices\inventory-service\target\inventory-service-0.0.1-SNAPSHOT.jar with repackaged archive, adding nested dependencies in BOOT-INF/.
[INFO] The original artifact has been renamed to C:\Users\naren\OneDrive\Documents\Softwares\ECommerceHybrid\ecommerce-microservices\inventory-service\target\inventory-service-0.0.1-SNAPSHOT.jar.original
[INFO] 
[INFO] --- failsafe:3.4.0:integration-test (default) @ inventory-service ---
[INFO] Tests are skipped.
[INFO] 
[INFO] --- failsafe:3.4.0:verify (default) @ inventory-service ---
[INFO] Tests are skipped.
[INFO] 
[INFO] --- install:3.1.3:install (default-install) @ inventory-service ---
[INFO] Installing C:\Users\naren\OneDrive\Documents\Softwares\ECommerceHybrid\ecommerce-microservices\inventory-service\pom.xml to C:\Users\naren\.m2\repository\com\hoangtien2k3\inventory-service\0.0.1-SNAPSHOT\inventory-service-0.0.1-SNAPSHOT.pom
[INFO] Installing C:\Users\naren\OneDrive\Documents\Softwares\ECommerceHybrid\ecommerce-microservices\inventory-service\target\inventory-service-0.0.1-SNAPSHOT.jar to C:\Users\naren\.m2\repository\com\hoangtien2k3\inventory-service\0.0.1-SNAPSHOT\inventory-service-0.0.1-SNAPSHOT.jar
[INFO] 
[INFO] -----------------< com.hoangtien2k3:shipping-service >------------------
[INFO] Building shipping-service 0.0.1-SNAPSHOT                         [10/17]
[INFO]   from shipping-service\pom.xml
[INFO] --------------------------------[ jar ]---------------------------------
[INFO] 
[INFO] --- clean:3.3.2:clean (default-clean) @ shipping-service ---
[INFO] Deleting C:\Users\naren\OneDrive\Documents\Softwares\ECommerceHybrid\ecommerce-microservices\shipping-service\target
[INFO] 
[INFO] --- resources:3.3.1:resources (default-resources) @ shipping-service ---
[INFO] Copying 1 resource from src\main\resources to target\classes
[INFO] Copying 1 resource from src\main\resources to target\classes
[INFO] 
[INFO] --- compiler:3.11.0:compile (default-compile) @ shipping-service ---
[INFO] Changes detected - recompiling the module! :source
[INFO] Compiling 21 source files with javac [debug release 21] to target\classes
[INFO] -------------------------------------------------------------
[ERROR] COMPILATION ERROR : 
[INFO] -------------------------------------------------------------
[ERROR] /C:/Users/naren/OneDrive/Documents/Softwares/ECommerceHybrid/ecommerce-microservices/shipping-service/src/main/java/com/hoangtien2k3/shippingservice/ShippingServiceApplication.java:[5,48] cannot find symbol
  symbol:   class EnableEurekaClient
  location: package org.springframework.cloud.netflix.eureka
[ERROR] /C:/Users/naren/OneDrive/Documents/Softwares/ECommerceHybrid/ecommerce-microservices/shipping-service/src/main/java/com/hoangtien2k3/shippingservice/ShippingServiceApplication.java:[8,2] cannot find symbol
  symbol: class EnableEurekaClient
[INFO] 2 errors 
[INFO] -------------------------------------------------------------
[INFO] ------------------------------------------------------------------------
[INFO] Reactor Summary:
[INFO] 
[INFO] ecommerce-microservices 1.0-SNAPSHOT ............... SUCCESS [  3.004 s]
[INFO] Common Library 1.0-SNAPSHOT ........................ SUCCESS [  6.070 s]
[INFO] api-gateway 0.0.1-SNAPSHOT ......................... SUCCESS [  2.898 s]
[INFO] discovery-server 0.0.1-SNAPSHOT .................... SUCCESS [  2.404 s]
[INFO] user-service 0.0.1-SNAPSHOT ........................ SUCCESS [  4.173 s]
[INFO] product-service 0.0.1-SNAPSHOT ..................... SUCCESS [  3.262 s]
[INFO] order-service 0.0.1-SNAPSHOT ....................... SUCCESS [  3.256 s]
[INFO] payment-service 0.0.1-SNAPSHOT ..................... SUCCESS [  3.345 s]
[INFO] inventory-service 0.0.1-SNAPSHOT ................... SUCCESS [  2.441 s]
[INFO] shipping-service 0.0.1-SNAPSHOT .................... FAILURE [  0.900 s]
[INFO] notification-service 0.0.1-SNAPSHOT ................ SKIPPED
[INFO] rating-service 1.0-SNAPSHOT ........................ SKIPPED
[INFO] search 1.0-SNAPSHOT ................................ SKIPPED
[INFO] promotion-service 1.0-SNAPSHOT ..................... SKIPPED
[INFO] tax-service 1.0-SNAPSHOT ........................... SKIPPED
[INFO] favourite-service 0.0.1-SNAPSHOT ................... SKIPPED
[INFO] media-service 1.0-SNAPSHOT ......................... SKIPPED
[INFO] ------------------------------------------------------------------------
[INFO] BUILD FAILURE
[INFO] ------------------------------------------------------------------------
[INFO] Total time:  32.551 s
[INFO] Finished at: 2026-01-28T15:53:42+05:30
[INFO] ------------------------------------------------------------------------
[ERROR] Failed to execute goal org.apache.maven.plugins:maven-compiler-plugin:3.11.0:compile (default-compile) on project shipping-service: Compilation failure: Compilation failure: 
[ERROR] /C:/Users/naren/OneDrive/Documents/Softwares/ECommerceHybrid/ecommerce-microservices/shipping-service/src/main/java/com/hoangtien2k3/shippingservice/ShippingServiceApplication.java:[5,48] cannot find symbol
[ERROR]   symbol:   class EnableEurekaClient
[ERROR]   location: package org.springframework.cloud.netflix.eureka
[ERROR] /C:/Users/naren/OneDrive/Documents/Softwares/ECommerceHybrid/ecommerce-microservices/shipping-service/src/main/java/com/hoangtien2k3/shippingservice/ShippingServiceApplication.java:[8,2] cannot find symbol
[ERROR]   symbol: class EnableEurekaClient
[ERROR] -> [Help 1]
[ERROR] 
[ERROR] To see the full stack trace of the errors, re-run Maven with the -e switch.
[ERROR] Re-run Maven using the -X switch to enable full debug logging.
[ERROR] 
[ERROR] For more information about the errors and possible solutions, please read the following articles:
[ERROR] [Help 1] http://cwiki.apache.org/confluence/display/MAVEN/MojoFailureException
[ERROR] 
[ERROR] After correcting the problems, you can resume the build with the command
[ERROR]   mvn <args> -rf :shipping-service
